// Jest Snapshot v1, https://goo.gl/fbAQLP

exports[`App form render correctly App Form component 1`] = `
<div
  className="AppForm-root-1"
>
  <div
    className="LayoutBody-widthSmall-5 LayoutBody-margin-3 LayoutBody-marginBottom-4"
  >
    <div
      className="MuiPaper-root MuiPaper-elevation2 Paper-backgroundLight-11 Paper-root-14 AppForm-paper-2 MuiPaper-rounded"
    />
  </div>
</div>
`;
